[debug] [2025-03-02T02:39:36.888Z] ----------------------------------------------------------------------
[debug] [2025-03-02T02:39:36.891Z] Command:       /usr/local/bin/node /opt/homebrew/bin/firebase init
[debug] [2025-03-02T02:39:36.891Z] CLI Version:   13.32.0
[debug] [2025-03-02T02:39:36.891Z] Platform:      darwin
[debug] [2025-03-02T02:39:36.891Z] Node Version:  v22.12.0
[debug] [2025-03-02T02:39:36.892Z] Time:          Sat Mar 01 2025 21:39:36 GMT-0500 (Eastern Standard Time)
[debug] [2025-03-02T02:39:36.892Z] ----------------------------------------------------------------------
[debug] 
[debug] [2025-03-02T02:39:36.897Z] > command requires scopes: ["email","openid","https://www.googleapis.com/auth/cloudplatformprojects.readonly","https://www.googleapis.com/auth/firebase","https://www.googleapis.com/auth/cloud-platform"]
[debug] [2025-03-02T02:39:36.897Z] > authorizing via signed-in user (michellehan1024@gmail.com)
[info] 
     ######## #### ########  ######## ########     ###     ######  ########
     ##        ##  ##     ## ##       ##     ##  ##   ##  ##       ##
     ######    ##  ########  ######   ########  #########  ######  ######
     ##        ##  ##    ##  ##       ##     ## ##     ##       ## ##
     ##       #### ##     ## ######## ########  ##     ##  ######  ########

You're about to initialize a Firebase project in this directory:

  /Users/mhan/Desktop/PortfolioWebsite

[info] 
=== Project Setup
[info] 
[info] First, let's associate this project directory with a Firebase project.
[info] You can create multiple project aliases by running firebase use --add, 
[info] but for now we'll just set up a default project.
[info] 
[debug] [2025-03-02T02:39:45.666Z] Checked if tokens are valid: true, expires at: 1740886586441
[debug] [2025-03-02T02:39:45.667Z] Checked if tokens are valid: true, expires at: 1740886586441
[debug] [2025-03-02T02:39:45.669Z] >>> [apiv2][query] GET https://firebase.googleapis.com/v1beta1/projects pageSize=100
[debug] [2025-03-02T02:39:46.076Z] <<< [apiv2][status] GET https://firebase.googleapis.com/v1beta1/projects 200
[debug] [2025-03-02T02:39:46.076Z] <<< [apiv2][body] GET https://firebase.googleapis.com/v1beta1/projects [omitted]
[info] i  Using project portfolio-2c2a5 (Portfolio) 
[info] 
=== Hosting Setup
[debug] [2025-03-02T02:39:51.926Z] Checked if tokens are valid: true, expires at: 1740886586441
[debug] [2025-03-02T02:39:51.926Z] Checked if tokens are valid: true, expires at: 1740886586441
[debug] [2025-03-02T02:39:51.927Z] >>> [apiv2][query] GET https://firebase.googleapis.com/v1beta1/projects/portfolio-2c2a5 [none]
[debug] [2025-03-02T02:39:52.146Z] <<< [apiv2][status] GET https://firebase.googleapis.com/v1beta1/projects/portfolio-2c2a5 200
[debug] [2025-03-02T02:39:52.146Z] <<< [apiv2][body] GET https://firebase.googleapis.com/v1beta1/projects/portfolio-2c2a5 {"projectId":"portfolio-2c2a5","projectNumber":"175208965846","displayName":"Portfolio","name":"projects/portfolio-2c2a5","resources":{"hostingSite":"portfolio-2c2a5"},"state":"ACTIVE","etag":"1_fbd0eab5-11ef-40e4-8c5e-fdbf254f0317"}
[info] 
[info] Your public directory is the folder (relative to your project directory) that
[info] will contain Hosting assets to be uploaded with firebase deploy. If you
[info] have a build process for your assets, use your build's output directory.
[info] 
[debug] [2025-03-02T02:40:36.606Z] >>> [apiv2][query] GET https://www.gstatic.com/firebasejs/releases.json [none]
[debug] [2025-03-02T02:40:36.668Z] <<< [apiv2][status] GET https://www.gstatic.com/firebasejs/releases.json 200
[debug] [2025-03-02T02:40:36.668Z] <<< [apiv2][body] GET https://www.gstatic.com/firebasejs/releases.json {"current":{"version":"11.4.0","browserURL":"https://www.gstatic.com/firebasejs/11.4.0/firebase.js","packageURL":"https://www.gstatic.com/firebasejs/11.4.0/firebase.tgz"},"live":{"version":"11.4","browserURL":"https://www.gstatic.com/firebasejs/live/11.4/firebase.js","packageURL":"https://www.gstatic.com/firebasejs/live/11.4/firebase.tgz"},"components":{"analytics":"https://www.gstatic.com/firebasejs/11.4.0/firebase-analytics.js","app":"https://www.gstatic.com/firebasejs/11.4.0/firebase-app.js","app-check":"https://www.gstatic.com/firebasejs/11.4.0/firebase-app-check.js","auth":"https://www.gstatic.com/firebasejs/11.4.0/firebase-auth.js","auth/cordova":"https://www.gstatic.com/firebasejs/11.4.0/firebase-auth/cordova.js","auth/web-extension":"https://www.gstatic.com/firebasejs/11.4.0/firebase-auth/web-extension.js","functions":"https://www.gstatic.com/firebasejs/11.4.0/firebase-functions.js","firestore":"https://www.gstatic.com/firebasejs/11.4.0/firebase-firestore.js","firestore/lite":"https://www.gstatic.com/firebasejs/11.4.0/firebase-firestore/lite.js","installations":"https://www.gstatic.com/firebasejs/11.4.0/firebase-installations.js","storage":"https://www.gstatic.com/firebasejs/11.4.0/firebase-storage.js","performance":"https://www.gstatic.com/firebasejs/11.4.0/firebase-performance.js","remote-config":"https://www.gstatic.com/firebasejs/11.4.0/firebase-remote-config.js","messaging":"https://www.gstatic.com/firebasejs/11.4.0/firebase-messaging.js","messaging/sw":"https://www.gstatic.com/firebasejs/11.4.0/firebase-messaging/sw.js","database":"https://www.gstatic.com/firebasejs/11.4.0/firebase-database.js","vertexai":"https://www.gstatic.com/firebasejs/11.4.0/firebase-vertexai.js","data-connect":"https://www.gstatic.com/firebasejs/11.4.0/firebase-data-connect.js","firestore.memory":"https://www.gstatic.com/firebasejs/11.4.0/firebase-firestore.memory.js"}}
[info] ✔  Wrote y/index.html 
[info] 
[info] i  Didn't detect a .git folder. Assuming /Users/mhan/Desktop/PortfolioWebsite is the project root. 
[info] i  Authorizing with GitHub to upload your service account to a GitHub repository's secrets store. 
[info] 
[info] Visit this URL on this device to log in:
[info] https://github.com/login/oauth/authorize?client_id=89cf50f02ac6aaed3484&state=778344018&redirect_uri=http%3A%2F%2Flocalhost%3A9005&scope=read%3Auser%20repo%20public_repo
[info] 
[info] Waiting for authentication...
[debug] [2025-03-02T02:40:53.346Z] >>> [apiv2][query] POST https://github.com/login/oauth/access_token [none]
[debug] [2025-03-02T02:40:53.356Z] >>> [apiv2][body] POST https://github.com/login/oauth/access_token [stream]
[debug] [2025-03-02T02:40:53.591Z] <<< [apiv2][status] POST https://github.com/login/oauth/access_token 200
[debug] [2025-03-02T02:40:53.592Z] <<< [apiv2][body] POST https://github.com/login/oauth/access_token {"access_token":"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","token_type":"bearer","scope":"read:user,repo"}
[debug] [2025-03-02T02:40:53.609Z] >>> [apiv2][query] GET https://api.github.com/user [none]
[debug] [2025-03-02T02:40:53.854Z] <<< [apiv2][status] GET https://api.github.com/user 200
[debug] [2025-03-02T02:40:53.854Z] <<< [apiv2][body] GET https://api.github.com/user {"login":"mhan1024","id":58572576,"node_id":"MDQ6VXNlcjU4NTcyNTc2","avatar_url":"https://avatars.githubusercontent.com/u/58572576?v=4","gravatar_id":"","url":"https://api.github.com/users/mhan1024","html_url":"https://github.com/mhan1024","followers_url":"https://api.github.com/users/mhan1024/followers","following_url":"https://api.github.com/users/mhan1024/following{/other_user}","gists_url":"https://api.github.com/users/mhan1024/gists{/gist_id}","starred_url":"https://api.github.com/users/mhan1024/starred{/owner}{/repo}","subscriptions_url":"https://api.github.com/users/mhan1024/subscriptions","organizations_url":"https://api.github.com/users/mhan1024/orgs","repos_url":"https://api.github.com/users/mhan1024/repos","events_url":"https://api.github.com/users/mhan1024/events{/privacy}","received_events_url":"https://api.github.com/users/mhan1024/received_events","type":"User","user_view_type":"private","site_admin":false,"name":"Michelle ","company":null,"blog":"","location":null,"email":null,"hireable":null,"bio":null,"twitter_username":null,"notification_email":null,"public_repos":4,"public_gists":0,"followers":0,"following":0,"created_at":"2019-12-05T20:59:58Z","updated_at":"2025-02-20T02:02:54Z","private_gists":0,"total_private_repos":2,"owned_private_repos":2,"disk_usage":337,"collaborators":0,"two_factor_authentication":false,"plan":{"name":"free","space":976562499,"collaborators":0,"private_repos":10000}}
[info] 
[info] ✔  Success! Logged into GitHub as mhan1024 
[info] 
